test_all_2047_nonempty_subsets_resolve_with_exact_scope_and_seven_checks (test_broker_demo_showcase_route.BrokerDemoShowcaseRouteTests.test_all_2047_nonempty_subsets_resolve_with_exact_scope_and_seven_checks) ... ok
test_config_only_invocation_is_reported_as_not_run (test_broker_demo_showcase_route.BrokerDemoShowcaseRouteTests.test_config_only_invocation_is_reported_as_not_run) ... ok
test_each_missing_harness_file_fails_actual_cli (test_broker_demo_showcase_route.BrokerDemoShowcaseRouteTests.test_each_missing_harness_file_fails_actual_cli) ... ok
test_each_nonzero_harness_fails_actual_cli (test_broker_demo_showcase_route.BrokerDemoShowcaseRouteTests.test_each_nonzero_harness_fails_actual_cli) ... ok
test_empty_diff_does_not_auto_authorize_the_route (test_broker_demo_showcase_route.BrokerDemoShowcaseRouteTests.test_empty_diff_does_not_auto_authorize_the_route) ... ok
test_every_singleton_full_branch_and_natural_increment_execute_seven_actual_commands (test_broker_demo_showcase_route.BrokerDemoShowcaseRouteTests.test_every_singleton_full_branch_and_natural_increment_execute_seven_actual_commands) ... ok
test_exact_new_route_and_entire_previous_config_are_preserved (test_broker_demo_showcase_route.BrokerDemoShowcaseRouteTests.test_exact_new_route_and_entire_previous_config_are_preserved) ... ok
test_foreign_files_fail_auto_fallback_and_explicit_route (test_broker_demo_showcase_route.BrokerDemoShowcaseRouteTests.test_foreign_files_fail_auto_fallback_and_explicit_route) ... ok
test_full_eleven_file_candidate_works_as_explicit_task (test_broker_demo_showcase_route.BrokerDemoShowcaseRouteTests.test_full_eleven_file_candidate_works_as_explicit_task) ... ok
test_index_only_does_not_need_a_dummy_harness_edit (test_broker_demo_showcase_route.BrokerDemoShowcaseRouteTests.test_index_only_does_not_need_a_dummy_harness_edit) ... ok
test_index_plus_map_and_full_422_cannot_skip_failing_showcase (test_broker_demo_showcase_route.BrokerDemoShowcaseRouteTests.test_index_plus_map_and_full_422_cannot_skip_failing_showcase) ... ok
test_old_422_explicit_keeps_six_but_auto_requires_seven (test_broker_demo_showcase_route.BrokerDemoShowcaseRouteTests.test_old_422_explicit_keeps_six_but_auto_requires_seven) ... ok
test_old_auto_routes_and_workflow_bootstrap_are_preserved (test_broker_demo_showcase_route.BrokerDemoShowcaseRouteTests.test_old_auto_routes_and_workflow_bootstrap_are_preserved) ... ok
test_omitted_command_is_rejected_by_execution_oracle (test_broker_demo_showcase_route.BrokerDemoShowcaseRouteTests.test_omitted_command_is_rejected_by_execution_oracle) ... ok
test_other_scoped_tasks_cannot_accept_full_feature_set (test_broker_demo_showcase_route.BrokerDemoShowcaseRouteTests.test_other_scoped_tasks_cannot_accept_full_feature_set) ... ok
test_path_escapes_and_sibling_paths_fail_actual_resolver_and_scope (test_broker_demo_showcase_route.BrokerDemoShowcaseRouteTests.test_path_escapes_and_sibling_paths_fail_actual_resolver_and_scope) ... ok
test_renamed_asset_cannot_escape_the_exact_route_in_actual_cli (test_broker_demo_showcase_route.BrokerDemoShowcaseRouteTests.test_renamed_asset_cannot_escape_the_exact_route_in_actual_cli) ... ok
test_all_15_nonempty_subsets_auto_route_keep_six_or_add_showcase (test_broker_map_demo_route.BrokerMapDemoRouteTests.test_all_15_nonempty_subsets_auto_route_keep_six_or_add_showcase) ... ok
test_config_only_invocation_is_reported_as_not_run (test_broker_map_demo_route.BrokerMapDemoRouteTests.test_config_only_invocation_is_reported_as_not_run) ... ok
test_each_missing_harness_file_fails_actual_cli (test_broker_map_demo_route.BrokerMapDemoRouteTests.test_each_missing_harness_file_fails_actual_cli) ... ok
test_each_nonzero_harness_fails_actual_cli (test_broker_map_demo_route.BrokerMapDemoRouteTests.test_each_nonzero_harness_fails_actual_cli) ... ok
test_empty_diff_does_not_auto_authorize_the_route (test_broker_map_demo_route.BrokerMapDemoRouteTests.test_empty_diff_does_not_auto_authorize_the_route) ... ok
test_exact_new_route_and_entire_previous_config_are_preserved (test_broker_map_demo_route.BrokerMapDemoRouteTests.test_exact_new_route_and_entire_previous_config_are_preserved) ... ok
test_foreign_files_fail_auto_fallback_and_explicit_route (test_broker_map_demo_route.BrokerMapDemoRouteTests.test_foreign_files_fail_auto_fallback_and_explicit_route) ... ok
test_full_four_file_candidate_works_as_explicit_task (test_broker_map_demo_route.BrokerMapDemoRouteTests.test_full_four_file_candidate_works_as_explicit_task) ... ok
test_index_only_does_not_need_a_dummy_harness_edit (test_broker_map_demo_route.BrokerMapDemoRouteTests.test_index_only_does_not_need_a_dummy_harness_edit) ... ok
test_old_auto_routes_and_workflow_bootstrap_are_preserved (test_broker_map_demo_route.BrokerMapDemoRouteTests.test_old_auto_routes_and_workflow_bootstrap_are_preserved) ... ok
test_omitted_command_is_rejected_by_execution_oracle (test_broker_map_demo_route.BrokerMapDemoRouteTests.test_omitted_command_is_rejected_by_execution_oracle) ... ok
test_other_scoped_tasks_cannot_accept_full_feature_set (test_broker_map_demo_route.BrokerMapDemoRouteTests.test_other_scoped_tasks_cannot_accept_full_feature_set) ... ok
test_plugin_host_allows_presence_contract_files_but_not_workflow (test_broker_presence_config.BrokerPresenceConfigTests.test_plugin_host_allows_presence_contract_files_but_not_workflow) ... ok
test_plugin_host_runs_presence_and_provenance_harnesses (test_broker_presence_config.BrokerPresenceConfigTests.test_plugin_host_runs_presence_and_provenance_harnesses) ... ok
test_presence_manifest_is_protected (test_broker_presence_config.BrokerPresenceConfigTests.test_presence_manifest_is_protected) ... ok
test_settings_adopt_allowlist_is_exactly_wiring_plus_vendored_module (test_broker_presence_config.BrokerPresenceConfigTests.test_settings_adopt_allowlist_is_exactly_wiring_plus_vendored_module)
BACKLOG п.47: only the index.html wiring and the vendored ... ok
test_settings_adopt_runs_the_full_plugin_host_harness_set (test_broker_presence_config.BrokerPresenceConfigTests.test_settings_adopt_runs_the_full_plugin_host_harness_set)
BACKLOG п.47: settings-adopt is fail-closed with the same three ... ok
test_auto_routes_exact_canonical_version_bump_to_release (test_broker_release_route.BrokerReleaseRouteTests.test_auto_routes_exact_canonical_version_bump_to_release) ... ok
test_canonical_bump_plus_unrelated_source_stays_blocked (test_broker_release_route.BrokerReleaseRouteTests.test_canonical_bump_plus_unrelated_source_stays_blocked) ... ok
test_non_release_task_cannot_touch_release_sensitive_paths (test_broker_release_route.BrokerReleaseRouteTests.test_non_release_task_cannot_touch_release_sensitive_paths) ... ok
test_protected_path_requires_override_under_release_task (test_broker_release_route.BrokerReleaseRouteTests.test_protected_path_requires_override_under_release_task) ... ok
test_release_allowlist_is_exactly_the_version_banner (test_broker_release_route.BrokerReleaseRouteTests.test_release_allowlist_is_exactly_the_version_banner) ... ok
test_release_runs_the_full_plugin_host_harness_set (test_broker_release_route.BrokerReleaseRouteTests.test_release_runs_the_full_plugin_host_harness_set) ... ok
test_any_eighth_file_falls_back_and_is_blocked (test_broker_stack_metadata_route.BrokerStackMetadataRouteTests.test_any_eighth_file_falls_back_and_is_blocked) ... ok
test_exact_seven_file_diff_auto_routes_and_runs_stack_harnesses (test_broker_stack_metadata_route.BrokerStackMetadataRouteTests.test_exact_seven_file_diff_auto_routes_and_runs_stack_harnesses) ... ok
test_explicit_stack_metadata_task_blocks_any_eighth_path (test_broker_stack_metadata_route.BrokerStackMetadataRouteTests.test_explicit_stack_metadata_task_blocks_any_eighth_path) ... ok
test_explicit_stack_metadata_task_is_still_exact_set_only (test_broker_stack_metadata_route.BrokerStackMetadataRouteTests.test_explicit_stack_metadata_task_is_still_exact_set_only) ... ok
test_failing_first_without_route_would_be_plugin_host (test_broker_stack_metadata_route.BrokerStackMetadataRouteTests.test_failing_first_without_route_would_be_plugin_host)
Documented RED baseline shape: without stack-metadata config, exact ... ok
test_failure_of_either_stack_harness_blocks_guard (test_broker_stack_metadata_route.BrokerStackMetadataRouteTests.test_failure_of_either_stack_harness_blocks_guard) ... ok
test_missing_either_stack_harness_blocks_guard (test_broker_stack_metadata_route.BrokerStackMetadataRouteTests.test_missing_either_stack_harness_blocks_guard) ... ok
test_omission_of_either_stack_harness_path_is_blocked (test_broker_stack_metadata_route.BrokerStackMetadataRouteTests.test_omission_of_either_stack_harness_path_is_blocked) ... ok
test_other_homes_routes_not_expanded_here (test_broker_stack_metadata_route.BrokerStackMetadataRouteTests.test_other_homes_routes_not_expanded_here) ... ok
test_protected_signing_deploy_and_publication_paths_remain_blocked (test_broker_stack_metadata_route.BrokerStackMetadataRouteTests.test_protected_signing_deploy_and_publication_paths_remain_blocked) ... ok
test_route_is_exact_and_existing_allowlists_are_unchanged (test_broker_stack_metadata_route.BrokerStackMetadataRouteTests.test_route_is_exact_and_existing_allowlists_are_unchanged) ... ok
test_stack_metadata_lists_stack_and_relative_broker_harnesses (test_broker_stack_metadata_route.BrokerStackMetadataRouteTests.test_stack_metadata_lists_stack_and_relative_broker_harnesses) ... ok
test_candidate_routes_and_preserves_all_six_checks (test_crewing_c3b1_route.CrewingC3b1RouteTests.test_candidate_routes_and_preserves_all_six_checks) ... ok
test_each_of_six_check_failures_rejects_ci_and_hook (test_crewing_c3b1_route.CrewingC3b1RouteTests.test_each_of_six_check_failures_rejects_ci_and_hook) ... ok
test_every_subset_has_precise_required_and_any_semantics (test_crewing_c3b1_route.CrewingC3b1RouteTests.test_every_subset_has_precise_required_and_any_semantics) ... ok
test_hook_stdin_and_ci_same_five_and_six_paths_run_all_checks (test_crewing_c3b1_route.CrewingC3b1RouteTests.test_hook_stdin_and_ci_same_five_and_six_paths_run_all_checks) ... ok
test_old_config_is_unchanged_after_removing_only_new_task (test_crewing_c3b1_route.CrewingC3b1RouteTests.test_old_config_is_unchanged_after_removing_only_new_task) ... ok
test_real_cli_each_missing_required_or_any_does_not_route (test_crewing_c3b1_route.CrewingC3b1RouteTests.test_real_cli_each_missing_required_or_any_does_not_route) ... ok
test_real_cli_unrelated_native_server_release_protected_extras_stay_red (test_crewing_c3b1_route.CrewingC3b1RouteTests.test_real_cli_unrelated_native_server_release_protected_extras_stay_red) ... ok
test_plugin_host_allows_presence_contract_files_but_not_workflow (test_crewing_presence_config.CrewingPresenceConfigTests.test_plugin_host_allows_presence_contract_files_but_not_workflow) ... ok
test_plugin_host_runs_presence_harness (test_crewing_presence_config.CrewingPresenceConfigTests.test_plugin_host_runs_presence_harness) ... ok
test_presence_manifest_is_protected (test_crewing_presence_config.CrewingPresenceConfigTests.test_presence_manifest_is_protected) ... ok
test_release_and_provenance_add_plugin_host_checks_for_plugin_surface (test_crewing_presence_config.CrewingPresenceConfigTests.test_release_and_provenance_add_plugin_host_checks_for_plugin_surface) ... ok
test_auto_routes_exact_canonical_version_bump_to_release (test_crewing_settings_release_routes.CrewingSettingsReleaseRoutesTests.test_auto_routes_exact_canonical_version_bump_to_release) ... ok
test_auto_routes_exact_settings_adopt_set (test_crewing_settings_release_routes.CrewingSettingsReleaseRoutesTests.test_auto_routes_exact_settings_adopt_set) ... ok
test_auto_routes_exact_theme_default_set (test_crewing_settings_release_routes.CrewingSettingsReleaseRoutesTests.test_auto_routes_exact_theme_default_set) ... ok
test_canonical_bump_plus_unrelated_source_stays_blocked (test_crewing_settings_release_routes.CrewingSettingsReleaseRoutesTests.test_canonical_bump_plus_unrelated_source_stays_blocked) ... ok
test_index_only_diff_stays_plugin_host_without_theme_harness (test_crewing_settings_release_routes.CrewingSettingsReleaseRoutesTests.test_index_only_diff_stays_plugin_host_without_theme_harness) ... ok
test_non_release_task_cannot_touch_release_sensitive_paths (test_crewing_settings_release_routes.CrewingSettingsReleaseRoutesTests.test_non_release_task_cannot_touch_release_sensitive_paths) ... ok
test_plugin_host_and_release_do_not_reference_absent_theme_harness (test_crewing_settings_release_routes.CrewingSettingsReleaseRoutesTests.test_plugin_host_and_release_do_not_reference_absent_theme_harness)
Defect Д1: tests/crewing_theme_default_harness.mjs exists only in ... ok
test_release_allowlist_is_exactly_the_version_banner (test_crewing_settings_release_routes.CrewingSettingsReleaseRoutesTests.test_release_allowlist_is_exactly_the_version_banner) ... ok
test_settings_adopt_allowlist_is_exactly_the_candidate_file_set (test_crewing_settings_release_routes.CrewingSettingsReleaseRoutesTests.test_settings_adopt_allowlist_is_exactly_the_candidate_file_set) ... ok
test_settings_adopt_runs_plugin_host_harnesses_plus_theme_default (test_crewing_settings_release_routes.CrewingSettingsReleaseRoutesTests.test_settings_adopt_runs_plugin_host_harnesses_plus_theme_default)
BACKLOG п.47 precedent (broker): settings-adopt is fail-closed with ... ok
test_settings_adopt_task_cannot_touch_presence_contract (test_crewing_settings_release_routes.CrewingSettingsReleaseRoutesTests.test_settings_adopt_task_cannot_touch_presence_contract) ... ok
test_settings_set_plus_unrelated_source_stays_blocked (test_crewing_settings_release_routes.CrewingSettingsReleaseRoutesTests.test_settings_set_plus_unrelated_source_stays_blocked) ... ok
test_theme_default_allowlist_is_exactly_the_candidate_file_set (test_crewing_settings_release_routes.CrewingSettingsReleaseRoutesTests.test_theme_default_allowlist_is_exactly_the_candidate_file_set) ... ok
test_theme_default_set_plus_unrelated_source_stays_blocked (test_crewing_settings_release_routes.CrewingSettingsReleaseRoutesTests.test_theme_default_set_plus_unrelated_source_stays_blocked) ... ok
test_workflow_pin_bump_routes_to_plugin_host_without_theme_harness (test_crewing_settings_release_routes.CrewingSettingsReleaseRoutesTests.test_workflow_pin_bump_routes_to_plugin_host_without_theme_harness)
Live repro of Д1: a one-file guard-pin bump of ... ok
test_any_eighth_file_falls_back_and_is_blocked (test_crewing_stack_metadata_route.CrewingStackMetadataRouteTests.test_any_eighth_file_falls_back_and_is_blocked) ... ok
test_exact_seven_file_diff_auto_routes_and_runs_stack_harnesses (test_crewing_stack_metadata_route.CrewingStackMetadataRouteTests.test_exact_seven_file_diff_auto_routes_and_runs_stack_harnesses) ... ok
test_explicit_stack_metadata_task_blocks_any_eighth_path (test_crewing_stack_metadata_route.CrewingStackMetadataRouteTests.test_explicit_stack_metadata_task_blocks_any_eighth_path) ... ok
test_explicit_stack_metadata_task_is_still_exact_set_only (test_crewing_stack_metadata_route.CrewingStackMetadataRouteTests.test_explicit_stack_metadata_task_is_still_exact_set_only) ... ok
test_failing_first_without_route_would_be_plugin_host (test_crewing_stack_metadata_route.CrewingStackMetadataRouteTests.test_failing_first_without_route_would_be_plugin_host)
Documented RED baseline shape: without stack-metadata config, exact ... ok
test_failure_of_either_stack_harness_blocks_guard (test_crewing_stack_metadata_route.CrewingStackMetadataRouteTests.test_failure_of_either_stack_harness_blocks_guard) ... ok
test_missing_either_stack_harness_blocks_guard (test_crewing_stack_metadata_route.CrewingStackMetadataRouteTests.test_missing_either_stack_harness_blocks_guard) ... ok
test_omission_of_either_stack_harness_path_is_blocked (test_crewing_stack_metadata_route.CrewingStackMetadataRouteTests.test_omission_of_either_stack_harness_path_is_blocked) ... ok
test_protected_signing_deploy_and_publication_paths_remain_blocked (test_crewing_stack_metadata_route.CrewingStackMetadataRouteTests.test_protected_signing_deploy_and_publication_paths_remain_blocked) ... ok
test_route_is_exact_and_existing_allowlists_are_unchanged (test_crewing_stack_metadata_route.CrewingStackMetadataRouteTests.test_route_is_exact_and_existing_allowlists_are_unchanged) ... ok
test_seafarer_route_unchanged_and_not_expanded_here (test_crewing_stack_metadata_route.CrewingStackMetadataRouteTests.test_seafarer_route_unchanged_and_not_expanded_here) ... ok
test_stack_metadata_lists_stack_and_relative_crewing_harnesses (test_crewing_stack_metadata_route.CrewingStackMetadataRouteTests.test_stack_metadata_lists_stack_and_relative_crewing_harnesses) ... ok
test_anr_is_signal (test_logcat_scanner.LogcatScannerTest.test_anr_is_signal) ... ok
test_crashrecovery_noise_is_not_signal (test_logcat_scanner.LogcatScannerTest.test_crashrecovery_noise_is_not_signal) ... ok
test_file_scan (test_logcat_scanner.LogcatScannerTest.test_file_scan) ... ok
test_missing_path_is_error (test_logcat_scanner.LogcatScannerTest.test_missing_path_is_error) ... missing_path=/home/linux/Developer/worktrees/guard-crewing-c3b1-20260922/scratchpad/guard-crewing-c3b1-20260922/tmp/tmpc_a3lp9s/missing-logcat.txt
ok
test_monkey_androidruntime_noise_is_not_signal (test_logcat_scanner.LogcatScannerTest.test_monkey_androidruntime_noise_is_not_signal) ... ok
test_skipi_fatal_exception_is_signal (test_logcat_scanner.LogcatScannerTest.test_skipi_fatal_exception_is_signal) ... ok
test_uiautomator_androidruntime_noise_is_not_signal (test_logcat_scanner.LogcatScannerTest.test_uiautomator_androidruntime_noise_is_not_signal) ... ok
test_plugin_host_allows_presence_contract_files_but_not_workflow (test_management_presence_config.ManagementPresenceConfigTests.test_plugin_host_allows_presence_contract_files_but_not_workflow) ... ok
test_plugin_host_runs_presence_harness (test_management_presence_config.ManagementPresenceConfigTests.test_plugin_host_runs_presence_harness) ... ok
test_presence_manifest_is_protected (test_management_presence_config.ManagementPresenceConfigTests.test_presence_manifest_is_protected) ... ok
test_auto_routes_exact_canonical_version_bump_to_release (test_management_settings_release_routes.ManagementSettingsReleaseRoutesTests.test_auto_routes_exact_canonical_version_bump_to_release) ... ok
test_auto_routes_exact_settings_adopt_set (test_management_settings_release_routes.ManagementSettingsReleaseRoutesTests.test_auto_routes_exact_settings_adopt_set) ... ok
test_auto_routes_exact_theme_default_set (test_management_settings_release_routes.ManagementSettingsReleaseRoutesTests.test_auto_routes_exact_theme_default_set) ... ok
test_canonical_bump_plus_unrelated_source_stays_blocked (test_management_settings_release_routes.ManagementSettingsReleaseRoutesTests.test_canonical_bump_plus_unrelated_source_stays_blocked) ... ok
test_non_release_task_cannot_touch_release_sensitive_paths (test_management_settings_release_routes.ManagementSettingsReleaseRoutesTests.test_non_release_task_cannot_touch_release_sensitive_paths) ... ok
test_plugin_host_and_release_do_not_reference_absent_theme_harness (test_management_settings_release_routes.ManagementSettingsReleaseRoutesTests.test_plugin_host_and_release_do_not_reference_absent_theme_harness)
Defect Д1: tests/management_theme_default_harness.mjs exists only in ... ok
test_presence_manifest_stays_protected (test_management_settings_release_routes.ManagementSettingsReleaseRoutesTests.test_presence_manifest_stays_protected)
Trust policy invariant: adding wave routes must not remove the ... ok
test_release_allowlist_is_exactly_the_version_banner (test_management_settings_release_routes.ManagementSettingsReleaseRoutesTests.test_release_allowlist_is_exactly_the_version_banner) ... ok
test_settings_adopt_allowlist_is_exactly_the_candidate_file_set (test_management_settings_release_routes.ManagementSettingsReleaseRoutesTests.test_settings_adopt_allowlist_is_exactly_the_candidate_file_set) ... ok
test_settings_adopt_runs_plugin_host_harnesses_plus_theme_default (test_management_settings_release_routes.ManagementSettingsReleaseRoutesTests.test_settings_adopt_runs_plugin_host_harnesses_plus_theme_default)
settings-adopt is fail-closed with the plugin-host harness set plus ... ok
test_settings_route_does_not_lift_presence_protection (test_management_settings_release_routes.ManagementSettingsReleaseRoutesTests.test_settings_route_does_not_lift_presence_protection)
The exact set includes presence-manifest.json for routing/scope, ... ok
test_settings_set_plus_unrelated_source_stays_blocked (test_management_settings_release_routes.ManagementSettingsReleaseRoutesTests.test_settings_set_plus_unrelated_source_stays_blocked) ... ok
test_theme_default_allowlist_is_exactly_the_candidate_file_set (test_management_settings_release_routes.ManagementSettingsReleaseRoutesTests.test_theme_default_allowlist_is_exactly_the_candidate_file_set) ... ok
test_theme_default_set_plus_unrelated_source_stays_blocked (test_management_settings_release_routes.ManagementSettingsReleaseRoutesTests.test_theme_default_set_plus_unrelated_source_stays_blocked) ... ok
test_eighth_path_blocked (test_management_stack_metadata_route.ManagementStackMetadataRouteTests.test_eighth_path_blocked) ... ok
test_exact_seven_auto_routes_stack_metadata (test_management_stack_metadata_route.ManagementStackMetadataRouteTests.test_exact_seven_auto_routes_stack_metadata) ... ok
test_route_config_exact (test_management_stack_metadata_route.ManagementStackMetadataRouteTests.test_route_config_exact) ... ok
test_plugin_host_allows_presence_contract_files_but_not_workflow (test_onboard_presence_config.OnboardPresenceConfigTests.test_plugin_host_allows_presence_contract_files_but_not_workflow) ... ok
test_plugin_host_runs_presence_harness (test_onboard_presence_config.OnboardPresenceConfigTests.test_plugin_host_runs_presence_harness) ... ok
test_presence_manifest_is_protected (test_onboard_presence_config.OnboardPresenceConfigTests.test_presence_manifest_is_protected) ... ok
test_auto_routes_exact_canonical_version_bump_to_release (test_onboard_settings_release_routes.OnboardSettingsReleaseRoutesTests.test_auto_routes_exact_canonical_version_bump_to_release) ... ok
test_auto_routes_exact_settings_adopt_set (test_onboard_settings_release_routes.OnboardSettingsReleaseRoutesTests.test_auto_routes_exact_settings_adopt_set) ... ok
test_canonical_bump_plus_unrelated_source_stays_blocked (test_onboard_settings_release_routes.OnboardSettingsReleaseRoutesTests.test_canonical_bump_plus_unrelated_source_stays_blocked) ... ok
test_no_task_references_absent_theme_harness (test_onboard_settings_release_routes.OnboardSettingsReleaseRoutesTests.test_no_task_references_absent_theme_harness)
Defect Д1: tests/onboard_theme_default_harness.mjs is absent from ... ok
test_non_release_task_cannot_touch_release_sensitive_paths (test_onboard_settings_release_routes.OnboardSettingsReleaseRoutesTests.test_non_release_task_cannot_touch_release_sensitive_paths) ... ok
test_release_allowlist_is_exactly_the_version_banner (test_onboard_settings_release_routes.OnboardSettingsReleaseRoutesTests.test_release_allowlist_is_exactly_the_version_banner) ... ok
test_settings_adopt_allowlist_is_exactly_the_candidate_file_set (test_onboard_settings_release_routes.OnboardSettingsReleaseRoutesTests.test_settings_adopt_allowlist_is_exactly_the_candidate_file_set) ... ok
test_settings_adopt_runs_plugin_host_harnesses_plus_settings_standard (test_onboard_settings_release_routes.OnboardSettingsReleaseRoutesTests.test_settings_adopt_runs_plugin_host_harnesses_plus_settings_standard)
Fail-closed precedent (broker/seafarer): settings-adopt keeps the ... ok
test_settings_adopt_task_cannot_touch_presence_contract (test_onboard_settings_release_routes.OnboardSettingsReleaseRoutesTests.test_settings_adopt_task_cannot_touch_presence_contract) ... ok
test_settings_set_plus_unrelated_source_stays_blocked (test_onboard_settings_release_routes.OnboardSettingsReleaseRoutesTests.test_settings_set_plus_unrelated_source_stays_blocked) ... ok
test_eighth_path_blocked (test_onboard_stack_metadata_route.OnboardStackMetadataRouteTests.test_eighth_path_blocked) ... ok
test_exact_seven_auto_routes_stack_metadata (test_onboard_stack_metadata_route.OnboardStackMetadataRouteTests.test_exact_seven_auto_routes_stack_metadata) ... ok
test_route_config_exact (test_onboard_stack_metadata_route.OnboardStackMetadataRouteTests.test_route_config_exact) ... ok
test_catalog_and_pack_changes_are_release_sensitive_but_allowed_for_task (test_plugin_delivery_config.PluginDeliveryConfigTests.test_catalog_and_pack_changes_are_release_sensitive_but_allowed_for_task) ... ok
test_harness_command_is_required_for_plugin_delivery_task (test_plugin_delivery_config.PluginDeliveryConfigTests.test_harness_command_is_required_for_plugin_delivery_task) ... ok
test_key_changes_remain_protected_and_fail_without_override (test_plugin_delivery_config.PluginDeliveryConfigTests.test_key_changes_remain_protected_and_fail_without_override) ... ok
test_bootstrap_override_applies_to_pushed_workflow_only_diff (test_pre_push_hook_canon.PrePushHookCanonTests.test_bootstrap_override_applies_to_pushed_workflow_only_diff) ... ok
test_bootstrap_override_not_applied_to_mixed_pushed_diff (test_pre_push_hook_canon.PrePushHookCanonTests.test_bootstrap_override_not_applied_to_mixed_pushed_diff) ... ok
test_branch_deletion_push_passes_through_canon_hook (test_pre_push_hook_canon.PrePushHookCanonTests.test_branch_deletion_push_passes_through_canon_hook) ... ok
test_broker_settings_adopt_routing (test_pre_push_hook_canon.PrePushHookCanonTests.test_broker_settings_adopt_routing)
BACKLOG п.47: a settings-module adopt diff (vendored dist/skipi-settings* ... ok
test_check_detects_match_drift_and_missing (test_pre_push_hook_canon.PrePushHookCanonTests.test_check_detects_match_drift_and_missing) ... ok
test_crewing_provenance_routing_is_all_files_in_set (test_pre_push_hook_canon.PrePushHookCanonTests.test_crewing_provenance_routing_is_all_files_in_set) ... ok
test_empty_diff_routes_to_default_task (test_pre_push_hook_canon.PrePushHookCanonTests.test_empty_diff_routes_to_default_task) ... ok
test_empty_stdin_exits_zero (test_pre_push_hook_canon.PrePushHookCanonTests.test_empty_stdin_exits_zero) ... ok
test_incident_repro_old_hook_blind_pass_canon_hook_blocks (test_pre_push_hook_canon.PrePushHookCanonTests.test_incident_repro_old_hook_blind_pass_canon_hook_blocks)
Push of a non-checked-out branch with a protected-path change: ... ok
test_inherited_recognized_env_does_not_authorize_canonical_hook (test_pre_push_hook_canon.PrePushHookCanonTests.test_inherited_recognized_env_does_not_authorize_canonical_hook) ... ok
test_install_writes_executable_render (test_pre_push_hook_canon.PrePushHookCanonTests.test_install_writes_executable_render) ... ok
test_management_provenance_routing_requires_provenance_file (test_pre_push_hook_canon.PrePushHookCanonTests.test_management_provenance_routing_requires_provenance_file) ... ok
test_multiple_refs_all_pass_and_any_fail_blocks (test_pre_push_hook_canon.PrePushHookCanonTests.test_multiple_refs_all_pass_and_any_fail_blocks) ... ok
test_pre_push_ref_deleted_ref_is_skipped (test_pre_push_hook_canon.PrePushHookCanonTests.test_pre_push_ref_deleted_ref_is_skipped) ... ok
test_pre_push_ref_fails_closed_without_base (test_pre_push_hook_canon.PrePushHookCanonTests.test_pre_push_ref_fails_closed_without_base) ... ok
test_pre_push_ref_new_branch_uses_merge_base_with_origin_main (test_pre_push_hook_canon.PrePushHookCanonTests.test_pre_push_ref_new_branch_uses_merge_base_with_origin_main) ... ok
test_pre_push_ref_uses_remote_sha_as_base_when_known (test_pre_push_hook_canon.PrePushHookCanonTests.test_pre_push_ref_uses_remote_sha_as_base_when_known) ... ok
test_render_honors_guard_bin_override (test_pre_push_hook_canon.PrePushHookCanonTests.test_render_honors_guard_bin_override) ... ok
test_render_is_deterministic_and_fully_parameterized (test_pre_push_hook_canon.PrePushHookCanonTests.test_render_is_deterministic_and_fully_parameterized) ... ok
test_render_unknown_home_fails (test_pre_push_hook_canon.PrePushHookCanonTests.test_render_unknown_home_fails) ... ok
test_repo_meta_routing_for_all_hooked_homes (test_pre_push_hook_canon.PrePushHookCanonTests.test_repo_meta_routing_for_all_hooked_homes) ... ok
test_run_harness_executes_pushed_bytes_not_checkout (test_pre_push_hook_canon.PrePushHookCanonTests.test_run_harness_executes_pushed_bytes_not_checkout) ... ok
test_run_harness_worktree_is_cleaned_up_after_harness_failure (test_pre_push_hook_canon.PrePushHookCanonTests.test_run_harness_worktree_is_cleaned_up_after_harness_failure)
Fail-closed path keeps the parent directory clean: a failing harness ... ok
test_run_harness_worktree_sits_next_to_repo_and_resolves_sibling_imports (test_pre_push_hook_canon.PrePushHookCanonTests.test_run_harness_worktree_sits_next_to_repo_and_resolves_sibling_imports)
Harnesses in crewing/broker/management import sibling-repo modules ... ok
test_verify_auto_task_resolves_repo_meta (test_pre_push_hook_canon.PrePushHookCanonTests.test_verify_auto_task_resolves_repo_meta) ... ok
test_verify_requires_exactly_one_task_source (test_pre_push_hook_canon.PrePushHookCanonTests.test_verify_requires_exactly_one_task_source) ... ok
test_ai_rs_alone_routes_and_passes (test_seafarer_ai_recognize_route.SeafarerAiRecognizeRouteTests.test_ai_rs_alone_routes_and_passes) ... ok
test_ai_rs_plus_any_forbidden_file_does_not_route_and_fails (test_seafarer_ai_recognize_route.SeafarerAiRecognizeRouteTests.test_ai_rs_plus_any_forbidden_file_does_not_route_and_fails) ... ok
test_ai_rs_plus_dist_index_is_not_this_route_and_fails (test_seafarer_ai_recognize_route.SeafarerAiRecognizeRouteTests.test_ai_rs_plus_dist_index_is_not_this_route_and_fails) ... ok
test_ai_rs_plus_version_file_does_not_route_and_fails (test_seafarer_ai_recognize_route.SeafarerAiRecognizeRouteTests.test_ai_rs_plus_version_file_does_not_route_and_fails) ... ok
test_explicit_task_with_ai_rs_alone_passes (test_seafarer_ai_recognize_route.SeafarerAiRecognizeRouteTests.test_explicit_task_with_ai_rs_alone_passes) ... ok
test_explicit_task_with_ai_rs_plus_tauri_conf_fails (test_seafarer_ai_recognize_route.SeafarerAiRecognizeRouteTests.test_explicit_task_with_ai_rs_plus_tauri_conf_fails) ... ok
test_explicit_task_with_dist_only_fails (test_seafarer_ai_recognize_route.SeafarerAiRecognizeRouteTests.test_explicit_task_with_dist_only_fails) ... ok
test_route_config_shape (test_seafarer_ai_recognize_route.SeafarerAiRecognizeRouteTests.test_route_config_shape) ... ok
test_route_does_not_shadow_neighbour_routes (test_seafarer_ai_recognize_route.SeafarerAiRecognizeRouteTests.test_route_does_not_shadow_neighbour_routes) ... ok
test_route_does_not_weaken_protected_paths_or_stop_lines (test_seafarer_ai_recognize_route.SeafarerAiRecognizeRouteTests.test_route_does_not_weaken_protected_paths_or_stop_lines) ... ok
test_route_harnesses_are_the_strictest_tier_and_inherit_nothing (test_seafarer_ai_recognize_route.SeafarerAiRecognizeRouteTests.test_route_harnesses_are_the_strictest_tier_and_inherit_nothing) ... ok
test_route_is_not_a_release_task_and_needs_no_exact_file_set (test_seafarer_ai_recognize_route.SeafarerAiRecognizeRouteTests.test_route_is_not_a_release_task_and_needs_no_exact_file_set) ... ok
test_candidate_plus_unrelated_file_does_not_route_and_stays_red (test_seafarer_assistant_nonblocking_route.SeafarerAssistantNonblockingRouteTests.test_candidate_plus_unrelated_file_does_not_route_and_stays_red) ... ok
test_exact_candidate_routes_to_assistant_nonblocking (test_seafarer_assistant_nonblocking_route.SeafarerAssistantNonblockingRouteTests.test_exact_candidate_routes_to_assistant_nonblocking) ... ok
test_existing_seafarer_routes_keep_their_classification (test_seafarer_assistant_nonblocking_route.SeafarerAssistantNonblockingRouteTests.test_existing_seafarer_routes_keep_their_classification) ... ok
test_partial_diff_does_not_route_and_stays_red (test_seafarer_assistant_nonblocking_route.SeafarerAssistantNonblockingRouteTests.test_partial_diff_does_not_route_and_stays_red) ... ok
test_route_is_literal_exact_and_non_release (test_seafarer_assistant_nonblocking_route.SeafarerAssistantNonblockingRouteTests.test_route_is_literal_exact_and_non_release) ... ok
test_50_files_without_both_require_any_files_fall_out_of_the_route (test_seafarer_brand_icons_route.SeafarerBrandIconsRouteTests.test_50_files_without_both_require_any_files_fall_out_of_the_route) ... ok
test_51_files_fail (test_seafarer_brand_icons_route.SeafarerBrandIconsRouteTests.test_51_files_fail) ... ok
test_53_files_fail (test_seafarer_brand_icons_route.SeafarerBrandIconsRouteTests.test_53_files_fail) ... ok
test_additions_and_modifications_are_indistinguishable (test_seafarer_brand_icons_route.SeafarerBrandIconsRouteTests.test_additions_and_modifications_are_indistinguishable) ... ok
test_exact_52_files_route_to_brand_icons_and_pass (test_seafarer_brand_icons_route.SeafarerBrandIconsRouteTests.test_exact_52_files_route_to_brand_icons_and_pass) ... ok
test_exact_set_blocks_release_sensitive_glue (test_seafarer_brand_icons_route.SeafarerBrandIconsRouteTests.test_exact_set_blocks_release_sensitive_glue) ... ok
test_explicit_task_with_exact_52_files_passes (test_seafarer_brand_icons_route.SeafarerBrandIconsRouteTests.test_explicit_task_with_exact_52_files_passes) ... ok
test_lone_workflow_routes_to_guard_pin_bump_and_passes (test_seafarer_brand_icons_route.SeafarerBrandIconsRouteTests.test_lone_workflow_routes_to_guard_pin_bump_and_passes) ... ok
test_new_rules_are_appended_last (test_seafarer_brand_icons_route.SeafarerBrandIconsRouteTests.test_new_rules_are_appended_last) ... ok
test_pin_bump_does_not_reopen_publication_infra (test_seafarer_brand_icons_route.SeafarerBrandIconsRouteTests.test_pin_bump_does_not_reopen_publication_infra) ... ok
test_pin_bump_needs_no_exact_file_set (test_seafarer_brand_icons_route.SeafarerBrandIconsRouteTests.test_pin_bump_needs_no_exact_file_set) ... ok
test_route_config_shape (test_seafarer_brand_icons_route.SeafarerBrandIconsRouteTests.test_route_config_shape) ... ok
test_route_does_not_shadow_neighbours (test_seafarer_brand_icons_route.SeafarerBrandIconsRouteTests.test_route_does_not_shadow_neighbours) ... ok
test_route_does_not_weaken_protected_paths_or_stop_lines (test_seafarer_brand_icons_route.SeafarerBrandIconsRouteTests.test_route_does_not_weaken_protected_paths_or_stop_lines) ... ok
test_route_files_are_release_sensitive_but_never_protected (test_seafarer_brand_icons_route.SeafarerBrandIconsRouteTests.test_route_files_are_release_sensitive_but_never_protected) ... ok
test_workflow_plus_any_other_file_fails (test_seafarer_brand_icons_route.SeafarerBrandIconsRouteTests.test_workflow_plus_any_other_file_fails) ... ok
test_contract_detects_route_scope_exact_harness_and_release_mutations (test_seafarer_consent193_route.SeafarerConsent193RouteTests.test_contract_detects_route_scope_exact_harness_and_release_mutations) ... ok
test_every_harness_failure_propagates_with_spawn_stub (test_seafarer_consent193_route.SeafarerConsent193RouteTests.test_every_harness_failure_propagates_with_spawn_stub) ... ok
test_exact_route_and_retained_ten_plus_two_harnesses (test_seafarer_consent193_route.SeafarerConsent193RouteTests.test_exact_route_and_retained_ten_plus_two_harnesses) ... ok
test_only_new_task_delta_preserves_pr61_baseline (test_seafarer_consent193_route.SeafarerConsent193RouteTests.test_only_new_task_delta_preserves_pr61_baseline) ... ok
test_real_cli_each_missing_and_empty_auto_and_explicit_are_red (test_seafarer_consent193_route.SeafarerConsent193RouteTests.test_real_cli_each_missing_and_empty_auto_and_explicit_are_red) ... ok
test_real_cli_each_unrelated_protected_release_extra_is_red (test_seafarer_consent193_route.SeafarerConsent193RouteTests.test_real_cli_each_unrelated_protected_release_extra_is_red) ... ok
test_real_cli_exact_auto_and_explicit_are_green_without_override (test_seafarer_consent193_route.SeafarerConsent193RouteTests.test_real_cli_exact_auto_and_explicit_are_green_without_override) ... ok
test_config_adds_only_two_last_routes (test_seafarer_cv_routes.SeafarerCvRoutesTests.test_config_adds_only_two_last_routes) ... ok
test_contract_detects_route_harness_exact_and_allowlist_mutations_per_rule (test_seafarer_cv_routes.SeafarerCvRoutesTests.test_contract_detects_route_harness_exact_and_allowlist_mutations_per_rule) ... ok
test_each_harness_executes_and_each_failure_propagates_with_spawn_stub (test_seafarer_cv_routes.SeafarerCvRoutesTests.test_each_harness_executes_and_each_failure_propagates_with_spawn_stub) ... ok
test_each_singleton_has_exact_scope_and_all_seven_harnesses (test_seafarer_cv_routes.SeafarerCvRoutesTests.test_each_singleton_has_exact_scope_and_all_seven_harnesses) ... ok
test_empty_and_unrelated_paths_never_route_to_cv_tasks (test_seafarer_cv_routes.SeafarerCvRoutesTests.test_empty_and_unrelated_paths_never_route_to_cv_tasks) ... ok
test_real_verify_empty_explicit_fails_missing_target (test_seafarer_cv_routes.SeafarerCvRoutesTests.test_real_verify_empty_explicit_fails_missing_target) ... ok
test_real_verify_mixed_diffs_fail_scope_and_explicit_exact_sets (test_seafarer_cv_routes.SeafarerCvRoutesTests.test_real_verify_mixed_diffs_fail_scope_and_explicit_exact_sets) ... ok
test_real_verify_singletons_auto_and_explicit (test_seafarer_cv_routes.SeafarerCvRoutesTests.test_real_verify_singletons_auto_and_explicit) ... ok
test_retained_config_matches_reviewed_baseline (test_seafarer_cv_routes.SeafarerCvRoutesTests.test_retained_config_matches_reviewed_baseline) ... ok
test_workflow_only_keeps_pin_route_and_bootstrap_behavior (test_seafarer_cv_routes.SeafarerCvRoutesTests.test_workflow_only_keeps_pin_route_and_bootstrap_behavior) ... ok
test_bump_only_does_not_route_to_this_route (test_seafarer_entry_fork_route.SeafarerEntryForkRouteTests.test_bump_only_does_not_route_to_this_route) ... ok
test_candidate_plus_extra_file_does_not_route_and_stays_red (test_seafarer_entry_fork_route.SeafarerEntryForkRouteTests.test_candidate_plus_extra_file_does_not_route_and_stays_red) ... ok
test_candidate_plus_release_sensitive_file_cannot_reach_route (test_seafarer_entry_fork_route.SeafarerEntryForkRouteTests.test_candidate_plus_release_sensitive_file_cannot_reach_route) ... ok
test_core_only_diff_routes_without_release_changes (test_seafarer_entry_fork_route.SeafarerEntryForkRouteTests.test_core_only_diff_routes_without_release_changes) ... ok
test_existing_seafarer_routes_keep_their_classification (test_seafarer_entry_fork_route.SeafarerEntryForkRouteTests.test_existing_seafarer_routes_keep_their_classification) ... ok
test_harnesses_only_diff_does_not_route_and_stays_red (test_seafarer_entry_fork_route.SeafarerEntryForkRouteTests.test_harnesses_only_diff_does_not_route_and_stays_red) ... ok
test_push_set_of_7_routes_to_entry_fork (test_seafarer_entry_fork_route.SeafarerEntryForkRouteTests.test_push_set_of_7_routes_to_entry_fork) ... ok
test_route_is_additive_to_pre_route_config (test_seafarer_entry_fork_route.SeafarerEntryForkRouteTests.test_route_is_additive_to_pre_route_config) ... ok
test_route_is_literal_release_task_bounded_by_routing (test_seafarer_entry_fork_route.SeafarerEntryForkRouteTests.test_route_is_literal_release_task_bounded_by_routing) ... ok
test_union_without_core_file_does_not_route_and_stays_red (test_seafarer_entry_fork_route.SeafarerEntryForkRouteTests.test_union_without_core_file_does_not_route_and_stays_red) ... ok
test_33_files_fail (test_seafarer_ios_apple_route.SeafarerIosAppleRouteTests.test_33_files_fail) ... ok
test_34_plus_extra_file_fails (test_seafarer_ios_apple_route.SeafarerIosAppleRouteTests.test_34_plus_extra_file_fails) ... ok
test_baseline_literal_is_the_real_blob (test_seafarer_ios_apple_route.SeafarerIosAppleRouteTests.test_baseline_literal_is_the_real_blob) ... ok
test_build_output_alone_fails (test_seafarer_ios_apple_route.SeafarerIosAppleRouteTests.test_build_output_alone_fails) ... ok
test_exact_34_files_route_to_ios_apple_project_and_pass (test_seafarer_ios_apple_route.SeafarerIosAppleRouteTests.test_exact_34_files_route_to_ios_apple_project_and_pass) ... ok
test_exact_set_blocks_release_sensitive_glue (test_seafarer_ios_apple_route.SeafarerIosAppleRouteTests.test_exact_set_blocks_release_sensitive_glue) ... ok
test_explicit_task_with_exact_34_files_passes (test_seafarer_ios_apple_route.SeafarerIosAppleRouteTests.test_explicit_task_with_exact_34_files_passes) ... ok
test_lone_info_plist_fails (test_seafarer_ios_apple_route.SeafarerIosAppleRouteTests.test_lone_info_plist_fails) ... ok
test_new_routing_rules_are_appended_last (test_seafarer_ios_apple_route.SeafarerIosAppleRouteTests.test_new_routing_rules_are_appended_last) ... ok
test_no_route_file_matches_a_protected_pattern (test_seafarer_ios_apple_route.SeafarerIosAppleRouteTests.test_no_route_file_matches_a_protected_pattern) ... ok
test_pre_route_config_is_preserved_byte_for_byte (test_seafarer_ios_apple_route.SeafarerIosAppleRouteTests.test_pre_route_config_is_preserved_byte_for_byte) ... ok
test_route_config_shape (test_seafarer_ios_apple_route.SeafarerIosAppleRouteTests.test_route_config_shape) ... ok
test_route_does_not_shadow_neighbour_routes (test_seafarer_ios_apple_route.SeafarerIosAppleRouteTests.test_route_does_not_shadow_neighbour_routes) ... ok
test_workflow_bootstrap_override_only_for_the_lone_workflow_file (test_seafarer_ios_apple_route.SeafarerIosAppleRouteTests.test_workflow_bootstrap_override_only_for_the_lone_workflow_file) ... ok
test_bump_only_does_not_route_to_this_route (test_seafarer_login_gate_route.SeafarerLoginGateRouteTests.test_bump_only_does_not_route_to_this_route) ... ok
test_candidate_plus_release_sensitive_file_cannot_reach_route (test_seafarer_login_gate_route.SeafarerLoginGateRouteTests.test_candidate_plus_release_sensitive_file_cannot_reach_route) ... ok
test_candidate_plus_unrelated_file_does_not_route_and_stays_red (test_seafarer_login_gate_route.SeafarerLoginGateRouteTests.test_candidate_plus_unrelated_file_does_not_route_and_stays_red) ... ok
test_existing_seafarer_routes_keep_their_classification (test_seafarer_login_gate_route.SeafarerLoginGateRouteTests.test_existing_seafarer_routes_keep_their_classification) ... ok
test_live_main_union_of_8_routes_to_login_gate (test_seafarer_login_gate_route.SeafarerLoginGateRouteTests.test_live_main_union_of_8_routes_to_login_gate) ... ok
test_route_is_additive_to_pre_route_config (test_seafarer_login_gate_route.SeafarerLoginGateRouteTests.test_route_is_additive_to_pre_route_config) ... ok
test_route_is_literal_release_task_bounded_by_routing (test_seafarer_login_gate_route.SeafarerLoginGateRouteTests.test_route_is_literal_release_task_bounded_by_routing) ... ok
test_stale_origin_union_of_9_routes_to_login_gate (test_seafarer_login_gate_route.SeafarerLoginGateRouteTests.test_stale_origin_union_of_9_routes_to_login_gate) ... ok
test_union_without_app_login_does_not_route_and_stays_red (test_seafarer_login_gate_route.SeafarerLoginGateRouteTests.test_union_without_app_login_does_not_route_and_stays_red) ... ok
test_union_without_other_core_files_does_not_route (test_seafarer_login_gate_route.SeafarerLoginGateRouteTests.test_union_without_other_core_files_does_not_route) ... ok
test_diff_without_rust_file_does_not_open_the_route (test_seafarer_mobile_189_route.SeafarerMobile189RouteTests.test_diff_without_rust_file_does_not_open_the_route) ... ok
test_explicit_task_cannot_smuggle_release_sensitive_files (test_seafarer_mobile_189_route.SeafarerMobile189RouteTests.test_explicit_task_cannot_smuggle_release_sensitive_files) ... ok
test_explicit_task_still_requires_a_route_file (test_seafarer_mobile_189_route.SeafarerMobile189RouteTests.test_explicit_task_still_requires_a_route_file) ... ok
test_extra_android_manifest_is_rejected (test_seafarer_mobile_189_route.SeafarerMobile189RouteTests.test_extra_android_manifest_is_rejected) ... ok
test_extra_tauri_conf_is_rejected_by_scope (test_seafarer_mobile_189_route.SeafarerMobile189RouteTests.test_extra_tauri_conf_is_rejected_by_scope) ... ok
test_full_route_set_routes_to_mobile_189_native (test_seafarer_mobile_189_route.SeafarerMobile189RouteTests.test_full_route_set_routes_to_mobile_189_native) ... ok
test_route_does_not_shadow_neighbour_routes (test_seafarer_mobile_189_route.SeafarerMobile189RouteTests.test_route_does_not_shadow_neighbour_routes) ... ok
test_route_does_not_weaken_protected_paths_or_stop_lines (test_seafarer_mobile_189_route.SeafarerMobile189RouteTests.test_route_does_not_weaken_protected_paths_or_stop_lines) ... ok
test_route_harnesses_are_the_strictest_tier_and_inherit_nothing (test_seafarer_mobile_189_route.SeafarerMobile189RouteTests.test_route_harnesses_are_the_strictest_tier_and_inherit_nothing) ... ok
test_route_is_literal_and_bounded_by_routing (test_seafarer_mobile_189_route.SeafarerMobile189RouteTests.test_route_is_literal_and_bounded_by_routing) ... ok
test_route_is_not_a_release_task_and_needs_no_exact_file_set (test_seafarer_mobile_189_route.SeafarerMobile189RouteTests.test_route_is_not_a_release_task_and_needs_no_exact_file_set) ... ok
test_route_set_plus_extra_file_does_not_route_and_stays_red (test_seafarer_mobile_189_route.SeafarerMobile189RouteTests.test_route_set_plus_extra_file_does_not_route_and_stays_red) ... ok
test_rust_subsets_route (test_seafarer_mobile_189_route.SeafarerMobile189RouteTests.test_rust_subsets_route) ... ok
test_candidate_plus_extra_file_does_not_route_and_stays_red (test_seafarer_mobile_ime_route.SeafarerMobileImeRouteTests.test_candidate_plus_extra_file_does_not_route_and_stays_red) ... ok
test_diff_without_platform_file_stays_on_default_plugin_host (test_seafarer_mobile_ime_route.SeafarerMobileImeRouteTests.test_diff_without_platform_file_stays_on_default_plugin_host) ... ok
test_full_set_of_4_routes_to_mobile_ime (test_seafarer_mobile_ime_route.SeafarerMobileImeRouteTests.test_full_set_of_4_routes_to_mobile_ime) ... ok
test_platform_only_diffs_route (test_seafarer_mobile_ime_route.SeafarerMobileImeRouteTests.test_platform_only_diffs_route) ... ok
test_protected_path_still_blocks_inside_the_route (test_seafarer_mobile_ime_route.SeafarerMobileImeRouteTests.test_protected_path_still_blocks_inside_the_route) ... ok
test_route_does_not_shadow_neighbour_routes (test_seafarer_mobile_ime_route.SeafarerMobileImeRouteTests.test_route_does_not_shadow_neighbour_routes) ... ok
test_route_is_literal_release_task_bounded_by_routing (test_seafarer_mobile_ime_route.SeafarerMobileImeRouteTests.test_route_is_literal_release_task_bounded_by_routing) ... ok
test_candidate_plus_extra_file_does_not_route_and_stays_red (test_seafarer_native_share_route.SeafarerNativeShareRouteTests.test_candidate_plus_extra_file_does_not_route_and_stays_red) ... ok
test_diff_without_platform_file_stays_on_default_plugin_host (test_seafarer_native_share_route.SeafarerNativeShareRouteTests.test_diff_without_platform_file_stays_on_default_plugin_host) ... ok
test_platform_subsets_route (test_seafarer_native_share_route.SeafarerNativeShareRouteTests.test_platform_subsets_route) ... ok
test_presence_manifest_alone_does_not_open_the_route (test_seafarer_native_share_route.SeafarerNativeShareRouteTests.test_presence_manifest_alone_does_not_open_the_route) ... ok
test_presence_manifest_inside_the_route_still_needs_override_protected (test_seafarer_native_share_route.SeafarerNativeShareRouteTests.test_presence_manifest_inside_the_route_still_needs_override_protected) ... ok
test_presence_override_token_still_refuses_a_mixed_share_diff (test_seafarer_native_share_route.SeafarerNativeShareRouteTests.test_presence_override_token_still_refuses_a_mixed_share_diff) ... ok
test_route_does_not_shadow_neighbour_routes (test_seafarer_native_share_route.SeafarerNativeShareRouteTests.test_route_does_not_shadow_neighbour_routes) ... ok
test_route_does_not_weaken_protected_paths (test_seafarer_native_share_route.SeafarerNativeShareRouteTests.test_route_does_not_weaken_protected_paths) ... ok
test_route_is_literal_release_task_bounded_by_routing (test_seafarer_native_share_route.SeafarerNativeShareRouteTests.test_route_is_literal_release_task_bounded_by_routing) ... ok
test_unprotected_full_set_routes_to_native_share (test_seafarer_native_share_route.SeafarerNativeShareRouteTests.test_unprotected_full_set_routes_to_native_share) ... ok
test_contract_detects_route_scope_exact_harness_and_release_mutations (test_seafarer_one_account_sync_route.SeafarerOneAccountSyncRouteTests.test_contract_detects_route_scope_exact_harness_and_release_mutations) ... ok
test_every_harness_failure_propagates_with_spawn_stub (test_seafarer_one_account_sync_route.SeafarerOneAccountSyncRouteTests.test_every_harness_failure_propagates_with_spawn_stub) ... ok
test_exact_route_and_retained_ten_plus_two_harnesses (test_seafarer_one_account_sync_route.SeafarerOneAccountSyncRouteTests.test_exact_route_and_retained_ten_plus_two_harnesses) ... ok
test_only_new_task_delta_preserves_live_pr60_baseline (test_seafarer_one_account_sync_route.SeafarerOneAccountSyncRouteTests.test_only_new_task_delta_preserves_live_pr60_baseline) ... ok
test_real_cli_each_missing_and_empty_auto_and_explicit_are_red (test_seafarer_one_account_sync_route.SeafarerOneAccountSyncRouteTests.test_real_cli_each_missing_and_empty_auto_and_explicit_are_red) ... ok
test_real_cli_each_unrelated_protected_release_extra_is_red (test_seafarer_one_account_sync_route.SeafarerOneAccountSyncRouteTests.test_real_cli_each_unrelated_protected_release_extra_is_red) ... ok
test_real_cli_exact_auto_and_explicit_are_green_without_override (test_seafarer_one_account_sync_route.SeafarerOneAccountSyncRouteTests.test_real_cli_exact_auto_and_explicit_are_green_without_override) ... ok
test_plugin_host_allows_presence_contract_files_but_not_workflow (test_seafarer_presence_config.SeafarerPresenceConfigTests.test_plugin_host_allows_presence_contract_files_but_not_workflow) ... ok
test_plugin_host_runs_presence_and_provenance_harnesses (test_seafarer_presence_config.SeafarerPresenceConfigTests.test_plugin_host_runs_presence_and_provenance_harnesses) ... ok
test_presence_manifest_is_protected (test_seafarer_presence_config.SeafarerPresenceConfigTests.test_presence_manifest_is_protected) ... ok
test_candidate_plus_forbidden_classes_stays_red (test_seafarer_publication_route.SeafarerPublicationRouteTests.test_candidate_plus_forbidden_classes_stays_red) ... ok
test_exact_candidate_routes_to_publication_infra (test_seafarer_publication_route.SeafarerPublicationRouteTests.test_exact_candidate_routes_to_publication_infra) ... ok
test_existing_routes_keep_their_classification_and_acceptance (test_seafarer_publication_route.SeafarerPublicationRouteTests.test_existing_routes_keep_their_classification_and_acceptance) ... ok
test_publication_route_is_literal_exact_and_non_release (test_seafarer_publication_route.SeafarerPublicationRouteTests.test_publication_route_is_literal_exact_and_non_release) ... ok
test_ambient_override_does_not_authorize_protected_path (test_seafarer_release_route.SeafarerReleaseRouteTests.test_ambient_override_does_not_authorize_protected_path) ... ok
test_auto_routes_exact_canonical_version_bump_to_release (test_seafarer_release_route.SeafarerReleaseRouteTests.test_auto_routes_exact_canonical_version_bump_to_release) ... ok
test_canonical_bump_plus_unrelated_source_stays_blocked (test_seafarer_release_route.SeafarerReleaseRouteTests.test_canonical_bump_plus_unrelated_source_stays_blocked) ... ok
test_non_release_task_cannot_touch_release_sensitive_paths (test_seafarer_release_route.SeafarerReleaseRouteTests.test_non_release_task_cannot_touch_release_sensitive_paths) ... ok
test_protected_path_requires_valid_explicit_override (test_seafarer_release_route.SeafarerReleaseRouteTests.test_protected_path_requires_valid_explicit_override) ... ok
test_unknown_override_does_not_authorize_protected_path (test_seafarer_release_route.SeafarerReleaseRouteTests.test_unknown_override_does_not_authorize_protected_path) ... ok
test_back_fix_two_file_diff_routes_to_settings_adopt (test_seafarer_settings_adopt_route.SeafarerSettingsAdoptRouteTests.test_back_fix_two_file_diff_routes_to_settings_adopt) ... ok
test_index_only_diff_stays_plugin_host (test_seafarer_settings_adopt_route.SeafarerSettingsAdoptRouteTests.test_index_only_diff_stays_plugin_host) ... ok
test_index_plus_unrelated_file_stays_blocked (test_seafarer_settings_adopt_route.SeafarerSettingsAdoptRouteTests.test_index_plus_unrelated_file_stays_blocked) ... ok
test_settings_adopt_allowed_scope_is_unchanged (test_seafarer_settings_adopt_route.SeafarerSettingsAdoptRouteTests.test_settings_adopt_allowed_scope_is_unchanged)
Д2 changes the routing trigger only; the allowed file scope of the ... ok
test_settings_adopt_task_cannot_touch_presence_contract (test_seafarer_settings_adopt_route.SeafarerSettingsAdoptRouteTests.test_settings_adopt_task_cannot_touch_presence_contract) ... ok
test_settings_adopt_trigger_includes_bundle_and_fallback_harness (test_seafarer_settings_adopt_route.SeafarerSettingsAdoptRouteTests.test_settings_adopt_trigger_includes_bundle_and_fallback_harness) ... ok
test_settings_bundle_trigger_still_routes_to_settings_adopt (test_seafarer_settings_adopt_route.SeafarerSettingsAdoptRouteTests.test_settings_bundle_trigger_still_routes_to_settings_adopt)
Regression control: the original dist/skipi-settings* trigger keeps ... ok
test_any_eighth_file_falls_back_and_is_blocked (test_seafarer_stack_metadata_route.SeafarerStackMetadataRouteTests.test_any_eighth_file_falls_back_and_is_blocked) ... ok
test_exact_seven_file_diff_auto_routes_and_runs_stack_harnesses (test_seafarer_stack_metadata_route.SeafarerStackMetadataRouteTests.test_exact_seven_file_diff_auto_routes_and_runs_stack_harnesses) ... ok
test_explicit_stack_metadata_task_blocks_any_eighth_path (test_seafarer_stack_metadata_route.SeafarerStackMetadataRouteTests.test_explicit_stack_metadata_task_blocks_any_eighth_path) ... ok
test_explicit_stack_metadata_task_is_still_exact_set_only (test_seafarer_stack_metadata_route.SeafarerStackMetadataRouteTests.test_explicit_stack_metadata_task_is_still_exact_set_only) ... ok
test_failure_of_either_stack_harness_blocks_guard (test_seafarer_stack_metadata_route.SeafarerStackMetadataRouteTests.test_failure_of_either_stack_harness_blocks_guard) ... ok
test_missing_either_stack_harness_blocks_guard (test_seafarer_stack_metadata_route.SeafarerStackMetadataRouteTests.test_missing_either_stack_harness_blocks_guard) ... ok
test_omission_of_either_stack_harness_path_is_blocked (test_seafarer_stack_metadata_route.SeafarerStackMetadataRouteTests.test_omission_of_either_stack_harness_path_is_blocked) ... ok
test_protected_signing_deploy_and_publication_paths_remain_blocked (test_seafarer_stack_metadata_route.SeafarerStackMetadataRouteTests.test_protected_signing_deploy_and_publication_paths_remain_blocked) ... ok
test_result_schema_declares_exact_file_set_evidence (test_seafarer_stack_metadata_route.SeafarerStackMetadataRouteTests.test_result_schema_declares_exact_file_set_evidence) ... ok
test_route_is_exact_and_existing_allowlists_are_unchanged (test_seafarer_stack_metadata_route.SeafarerStackMetadataRouteTests.test_route_is_exact_and_existing_allowlists_are_unchanged) ... ok
test_stack_metadata_lists_stack_and_prior_effective_plugin_host_harnesses (test_seafarer_stack_metadata_route.SeafarerStackMetadataRouteTests.test_stack_metadata_lists_stack_and_prior_effective_plugin_host_harnesses) ... ok
test_plugin_host_allows_theme_harness_but_not_workflow (test_seafarer_theme_config.SeafarerThemeConfigTests.test_plugin_host_allows_theme_harness_but_not_workflow) ... ok
test_plugin_host_runs_theme_default_harness (test_seafarer_theme_config.SeafarerThemeConfigTests.test_plugin_host_runs_theme_default_harness) ... ok
test_all_32_previous_path_subsets_keep_route_and_protection_outcomes (test_seafarer_version_bump_route.SeafarerVersionBumpRouteTests.test_all_32_previous_path_subsets_keep_route_and_protection_outcomes) ... ok
test_all_seven_harnesses_execute_and_individual_failures_propagate (test_seafarer_version_bump_route.SeafarerVersionBumpRouteTests.test_all_seven_harnesses_execute_and_individual_failures_propagate) ... ok
test_candidate_plus_extra_file_does_not_route_and_stays_red (test_seafarer_version_bump_route.SeafarerVersionBumpRouteTests.test_candidate_plus_extra_file_does_not_route_and_stays_red) ... ok
test_canonical_five_file_bump_routes_to_version_bump (test_seafarer_version_bump_route.SeafarerVersionBumpRouteTests.test_canonical_five_file_bump_routes_to_version_bump) ... ok
test_canonical_six_file_bump_includes_plist (test_seafarer_version_bump_route.SeafarerVersionBumpRouteTests.test_canonical_six_file_bump_includes_plist) ... ok
test_core_files_alone_route_honestly (test_seafarer_version_bump_route.SeafarerVersionBumpRouteTests.test_core_files_alone_route_honestly) ... ok
test_harness_only_and_dist_only_diffs_do_not_route (test_seafarer_version_bump_route.SeafarerVersionBumpRouteTests.test_harness_only_and_dist_only_diffs_do_not_route) ... ok
test_missing_stack_harness_keeps_the_pre_existing_release_route (test_seafarer_version_bump_route.SeafarerVersionBumpRouteTests.test_missing_stack_harness_keeps_the_pre_existing_release_route) ... ok
test_missing_tauri_conf_does_not_route_and_stays_red (test_seafarer_version_bump_route.SeafarerVersionBumpRouteTests.test_missing_tauri_conf_does_not_route_and_stays_red) ... ok
test_plist_neighbours_and_missing_required_paths_keep_rejections (test_seafarer_version_bump_route.SeafarerVersionBumpRouteTests.test_plist_neighbours_and_missing_required_paths_keep_rejections) ... ok
test_protected_path_still_blocks_inside_the_route (test_seafarer_version_bump_route.SeafarerVersionBumpRouteTests.test_protected_path_still_blocks_inside_the_route) ... ok
test_removing_either_plist_literal_independently_breaks_contract (test_seafarer_version_bump_route.SeafarerVersionBumpRouteTests.test_removing_either_plist_literal_independently_breaks_contract) ... ok
test_route_does_not_shadow_neighbour_routes (test_seafarer_version_bump_route.SeafarerVersionBumpRouteTests.test_route_does_not_shadow_neighbour_routes) ... ok
test_route_is_literal_release_task_bounded_by_routing (test_seafarer_version_bump_route.SeafarerVersionBumpRouteTests.test_route_is_literal_release_task_bounded_by_routing) ... ok
test_any_file_outside_the_declared_set_stays_red (test_security_escaping_191_route.BrokerSecurityEscapingRouteTests.test_any_file_outside_the_declared_set_stays_red) ... ok
test_declared_harnesses_cover_every_file_the_route_opens (test_security_escaping_191_route.BrokerSecurityEscapingRouteTests.test_declared_harnesses_cover_every_file_the_route_opens) ... ok
test_deleting_route_files_is_accepted_known_gate_limitation (test_security_escaping_191_route.BrokerSecurityEscapingRouteTests.test_deleting_route_files_is_accepted_known_gate_limitation)
KNOWN GATE LIMITATION, pinned deliberately. ... ok
test_diff_without_a_core_file_does_not_open_route (test_security_escaping_191_route.BrokerSecurityEscapingRouteTests.test_diff_without_a_core_file_does_not_open_route) ... ok
test_dist_index_alone_does_not_route_to_security191 (test_security_escaping_191_route.BrokerSecurityEscapingRouteTests.test_dist_index_alone_does_not_route_to_security191) ... ok
test_existing_routes_keep_their_classification (test_security_escaping_191_route.BrokerSecurityEscapingRouteTests.test_existing_routes_keep_their_classification) ... ok
test_gate_fails_open_without_a_route_allowlist (test_security_escaping_191_route.BrokerSecurityEscapingRouteTests.test_gate_fails_open_without_a_route_allowlist)
KNOWN GATE LIMITATION, pinned deliberately. ... ok
test_missing_harness_file_fails_the_run (test_security_escaping_191_route.BrokerSecurityEscapingRouteTests.test_missing_harness_file_fails_the_run)
--run-harness must actually execute the commands. ... ok
test_partial_push_of_core_files_still_passes (test_security_escaping_191_route.BrokerSecurityEscapingRouteTests.test_partial_push_of_core_files_still_passes) ... ok
test_pre_route_config_surface_is_unchanged (test_security_escaping_191_route.BrokerSecurityEscapingRouteTests.test_pre_route_config_surface_is_unchanged) ... ok
test_route_allowlist_is_load_bearing_when_present (test_security_escaping_191_route.BrokerSecurityEscapingRouteTests.test_route_allowlist_is_load_bearing_when_present) ... ok
test_route_declaration_is_literal_and_routed_first (test_security_escaping_191_route.BrokerSecurityEscapingRouteTests.test_route_declaration_is_literal_and_routed_first) ... ok
test_route_file_set_routes_and_passes_scope (test_security_escaping_191_route.BrokerSecurityEscapingRouteTests.test_route_file_set_routes_and_passes_scope) ... ok
test_route_is_not_a_release_task (test_security_escaping_191_route.BrokerSecurityEscapingRouteTests.test_route_is_not_a_release_task) ... ok
test_route_opens_the_three_paths_no_task_allowed_before (test_security_escaping_191_route.BrokerSecurityEscapingRouteTests.test_route_opens_the_three_paths_no_task_allowed_before) ... ok
test_route_patterns_are_directory_qualified_single_file_paths (test_security_escaping_191_route.BrokerSecurityEscapingRouteTests.test_route_patterns_are_directory_qualified_single_file_paths)
Every route pattern must name exactly one file, by full path. ... ok
test_version_bump_cannot_ride_the_route (test_security_escaping_191_route.BrokerSecurityEscapingRouteTests.test_version_bump_cannot_ride_the_route) ... ok
test_any_file_outside_the_declared_set_stays_red (test_security_escaping_191_route.CrewingSecurityEscapingRouteTests.test_any_file_outside_the_declared_set_stays_red) ... ok
test_declared_harnesses_cover_every_file_the_route_opens (test_security_escaping_191_route.CrewingSecurityEscapingRouteTests.test_declared_harnesses_cover_every_file_the_route_opens) ... ok
test_deleting_route_files_is_accepted_known_gate_limitation (test_security_escaping_191_route.CrewingSecurityEscapingRouteTests.test_deleting_route_files_is_accepted_known_gate_limitation)
KNOWN GATE LIMITATION, pinned deliberately. ... ok
test_diff_without_a_core_file_does_not_open_route (test_security_escaping_191_route.CrewingSecurityEscapingRouteTests.test_diff_without_a_core_file_does_not_open_route) ... ok
test_dist_index_alone_does_not_route_to_security191 (test_security_escaping_191_route.CrewingSecurityEscapingRouteTests.test_dist_index_alone_does_not_route_to_security191) ... ok
test_existing_routes_keep_their_classification (test_security_escaping_191_route.CrewingSecurityEscapingRouteTests.test_existing_routes_keep_their_classification) ... ok
test_gate_fails_open_without_a_route_allowlist (test_security_escaping_191_route.CrewingSecurityEscapingRouteTests.test_gate_fails_open_without_a_route_allowlist)
KNOWN GATE LIMITATION, pinned deliberately. ... ok
test_missing_harness_file_fails_the_run (test_security_escaping_191_route.CrewingSecurityEscapingRouteTests.test_missing_harness_file_fails_the_run)
--run-harness must actually execute the commands. ... ok
test_partial_push_of_core_files_still_passes (test_security_escaping_191_route.CrewingSecurityEscapingRouteTests.test_partial_push_of_core_files_still_passes) ... ok
test_pre_route_config_surface_is_unchanged (test_security_escaping_191_route.CrewingSecurityEscapingRouteTests.test_pre_route_config_surface_is_unchanged) ... FAIL
test_route_allowlist_is_load_bearing_when_present (test_security_escaping_191_route.CrewingSecurityEscapingRouteTests.test_route_allowlist_is_load_bearing_when_present) ... ok
test_route_declaration_is_literal_and_routed_first (test_security_escaping_191_route.CrewingSecurityEscapingRouteTests.test_route_declaration_is_literal_and_routed_first) ... FAIL
test_route_does_not_widen_the_plugin_host_allowlist (test_security_escaping_191_route.CrewingSecurityEscapingRouteTests.test_route_does_not_widen_the_plugin_host_allowlist) ... ok
test_route_file_set_routes_and_passes_scope (test_security_escaping_191_route.CrewingSecurityEscapingRouteTests.test_route_file_set_routes_and_passes_scope) ... ok
test_route_is_not_a_release_task (test_security_escaping_191_route.CrewingSecurityEscapingRouteTests.test_route_is_not_a_release_task) ... ok
test_route_opens_the_two_paths_no_task_allowed_before (test_security_escaping_191_route.CrewingSecurityEscapingRouteTests.test_route_opens_the_two_paths_no_task_allowed_before) ... ok
test_route_patterns_are_directory_qualified_single_file_paths (test_security_escaping_191_route.CrewingSecurityEscapingRouteTests.test_route_patterns_are_directory_qualified_single_file_paths)
Every route pattern must name exactly one file, by full path. ... ok
test_version_bump_cannot_ride_the_route (test_security_escaping_191_route.CrewingSecurityEscapingRouteTests.test_version_bump_cannot_ride_the_route) ... ok
test_equal_config_passes (test_skipi_guard_config_superset.SkipiGuardConfigSupersetTests.test_equal_config_passes) ... ok
test_removed_additive_task_check_fails (test_skipi_guard_config_superset.SkipiGuardConfigSupersetTests.test_removed_additive_task_check_fails) ... ok
test_removed_allowed_file_pattern_fails (test_skipi_guard_config_superset.SkipiGuardConfigSupersetTests.test_removed_allowed_file_pattern_fails) ... ok
test_removed_harness_fails (test_skipi_guard_config_superset.SkipiGuardConfigSupersetTests.test_removed_harness_fails) ... ok
test_removed_protected_path_fails (test_skipi_guard_config_superset.SkipiGuardConfigSupersetTests.test_removed_protected_path_fails) ... ok
test_removed_release_sensitive_path_fails (test_skipi_guard_config_superset.SkipiGuardConfigSupersetTests.test_removed_release_sensitive_path_fails) ... ok
test_superset_config_passes (test_skipi_guard_config_superset.SkipiGuardConfigSupersetTests.test_superset_config_passes) ... ok
test_clean_path_preserves_dot_paths (test_skipi_guard_path_normalization.SkipiGuardPathNormalizationTests.test_clean_path_preserves_dot_paths) ... ok
test_clean_path_strips_only_leading_dot_slash_prefix (test_skipi_guard_path_normalization.SkipiGuardPathNormalizationTests.test_clean_path_strips_only_leading_dot_slash_prefix) ... ok
test_dot_and_non_dot_paths_remain_distinct (test_skipi_guard_path_normalization.SkipiGuardPathNormalizationTests.test_dot_and_non_dot_paths_remain_distinct) ... ok
test_added_protected_and_release_sensitive_paths_fail (test_skipi_guard_regressions.SkipiGuardRegressionTests.test_added_protected_and_release_sensitive_paths_fail) ... ok
test_bare_file_pattern_does_not_match_directory_child (test_skipi_guard_regressions.SkipiGuardRegressionTests.test_bare_file_pattern_does_not_match_directory_child) ... ok
test_bare_presence_pattern_directory_smuggle_fails_scope (test_skipi_guard_regressions.SkipiGuardRegressionTests.test_bare_presence_pattern_directory_smuggle_fails_scope) ... ok
test_crewing_plugin_host_task_keeps_plugin_host_harnesses (test_skipi_guard_regressions.SkipiGuardRegressionTests.test_crewing_plugin_host_task_keeps_plugin_host_harnesses) ... ok
test_crewing_provenance_with_plugin_host_files_adds_plugin_host_checks (test_skipi_guard_regressions.SkipiGuardRegressionTests.test_crewing_provenance_with_plugin_host_files_adds_plugin_host_checks) ... ok
test_crewing_release_only_diff_does_not_add_plugin_host_task (test_skipi_guard_regressions.SkipiGuardRegressionTests.test_crewing_release_only_diff_does_not_add_plugin_host_task) ... ok
test_crewing_release_with_disallowed_dist_file_fails_plugin_host_scope (test_skipi_guard_regressions.SkipiGuardRegressionTests.test_crewing_release_with_disallowed_dist_file_fails_plugin_host_scope) ... ok
test_crewing_release_with_plugin_host_files_adds_plugin_host_checks (test_skipi_guard_regressions.SkipiGuardRegressionTests.test_crewing_release_with_plugin_host_files_adds_plugin_host_checks) ... ok
test_deleted_protected_and_release_sensitive_paths_fail (test_skipi_guard_regressions.SkipiGuardRegressionTests.test_deleted_protected_and_release_sensitive_paths_fail) ... ok
test_known_bootstrap_override_is_limited_to_its_file_set (test_skipi_guard_regressions.SkipiGuardRegressionTests.test_known_bootstrap_override_is_limited_to_its_file_set) ... ok
test_override_token_bound_to_another_home_fails_closed (test_skipi_guard_regressions.SkipiGuardRegressionTests.test_override_token_bound_to_another_home_fails_closed) ... ok
test_pending_theme_homes_do_not_reference_absent_harness_files (test_skipi_guard_regressions.SkipiGuardRegressionTests.test_pending_theme_homes_do_not_reference_absent_harness_files)
Defect Д1 (config state after skipi-guard#35): a task whose diff does ... ok
test_presence_modification_override_allows_presence_only_files (test_skipi_guard_regressions.SkipiGuardRegressionTests.test_presence_modification_override_allows_presence_only_files) ... ok
test_presence_modification_override_rejects_non_presence_files (test_skipi_guard_regressions.SkipiGuardRegressionTests.test_presence_modification_override_rejects_non_presence_files) ... ok
test_recognized_env_override_does_not_remove_protected_stop_line (test_skipi_guard_regressions.SkipiGuardRegressionTests.test_recognized_env_override_does_not_remove_protected_stop_line) ... ok
test_recognized_env_override_does_not_remove_release_stop_line (test_skipi_guard_regressions.SkipiGuardRegressionTests.test_recognized_env_override_does_not_remove_release_stop_line) ... ok
test_recognized_env_override_does_not_remove_scope_stop_line (test_skipi_guard_regressions.SkipiGuardRegressionTests.test_recognized_env_override_does_not_remove_scope_stop_line) ... ok
test_recognized_env_override_does_not_set_override_present (test_skipi_guard_regressions.SkipiGuardRegressionTests.test_recognized_env_override_does_not_set_override_present) ... ok
test_release_task_rejects_non_release_non_additive_files (test_skipi_guard_regressions.SkipiGuardRegressionTests.test_release_task_rejects_non_release_non_additive_files) ... ok
test_theme_default_harness_routes_are_allowed_and_registered (test_skipi_guard_regressions.SkipiGuardRegressionTests.test_theme_default_harness_routes_are_allowed_and_registered) ... ok
test_theme_default_harness_routes_do_not_allow_unrelated_paths (test_skipi_guard_regressions.SkipiGuardRegressionTests.test_theme_default_harness_routes_do_not_allow_unrelated_paths) ... ok
test_unknown_cli_override_token_fails_closed (test_skipi_guard_regressions.SkipiGuardRegressionTests.test_unknown_cli_override_token_fails_closed) ... ok
test_unknown_task_fails_closed (test_skipi_guard_regressions.SkipiGuardRegressionTests.test_unknown_task_fails_closed) ... ok
test_bare_file_pattern_does_not_match_directory_child (test_skipi_report_verify.SkipiReportVerifyTests.test_bare_file_pattern_does_not_match_directory_child) ... ok
test_claimed_files_omit_changed_file_fails (test_skipi_report_verify.SkipiReportVerifyTests.test_claimed_files_omit_changed_file_fails) ... ok
test_claimed_sha_differs_from_git_fails (test_skipi_report_verify.SkipiReportVerifyTests.test_claimed_sha_differs_from_git_fails) ... ok
test_guard_sha_full_sha_with_trailing_text_fails (test_skipi_report_verify.SkipiReportVerifyTests.test_guard_sha_full_sha_with_trailing_text_fails) ... ok
test_merged_claim_sha_not_in_main_fails (test_skipi_report_verify.SkipiReportVerifyTests.test_merged_claim_sha_not_in_main_fails) ... ok
test_no_release_claim_with_version_file_change_fails (test_skipi_report_verify.SkipiReportVerifyTests.test_no_release_claim_with_version_file_change_fails) ... ok
test_non_hex_report_sha_fails (test_skipi_report_verify.SkipiReportVerifyTests.test_non_hex_report_sha_fails) ... ok
test_omitted_release_sensitive_git_file_still_fails_claims (test_skipi_report_verify.SkipiReportVerifyTests.test_omitted_release_sensitive_git_file_still_fails_claims) ... ok
test_plugin_delivery_artifact_sha_claims_are_verified (test_skipi_report_verify.SkipiReportVerifyTests.test_plugin_delivery_artifact_sha_claims_are_verified) ... ok
test_plugin_delivery_bad_pack_sha_claim_fails (test_skipi_report_verify.SkipiReportVerifyTests.test_plugin_delivery_bad_pack_sha_claim_fails) ... ok
test_positive_verification_demo_passes (test_skipi_report_verify.SkipiReportVerifyTests.test_positive_verification_demo_passes) ... ok
test_pr_ready_claim_without_pr_fails (test_skipi_report_verify.SkipiReportVerifyTests.test_pr_ready_claim_without_pr_fails) ... ok
test_report_and_guard_omit_git_changed_file_fails (test_skipi_report_verify.SkipiReportVerifyTests.test_report_and_guard_omit_git_changed_file_fails) ... ok
test_report_and_guard_sha_stale_from_git_fails (test_skipi_report_verify.SkipiReportVerifyTests.test_report_and_guard_sha_stale_from_git_fails) ... ok
test_report_sha_full_sha_with_trailing_text_fails (test_skipi_report_verify.SkipiReportVerifyTests.test_report_sha_full_sha_with_trailing_text_fails) ... ok
test_test_claim_pass_with_guard_fail_fails (test_skipi_report_verify.SkipiReportVerifyTests.test_test_claim_pass_with_guard_fail_fails) ... ok

======================================================================
FAIL: test_pre_route_config_surface_is_unchanged (test_security_escaping_191_route.CrewingSecurityEscapingRouteTests.test_pre_route_config_surface_is_unchanged)
----------------------------------------------------------------------
Traceback (most recent call last):
  File "/home/linux/Developer/worktrees/guard-crewing-c3b1-20260922/tests/test_security_escaping_191_route.py", line 1227, in test_pre_route_config_surface_is_unchanged
    self.assertEqual(config["task_routing"][0]["task"], ROUTE_TASK)
AssertionError: 'crewing-c3b1' != 'security-escaping-191'
- crewing-c3b1
+ security-escaping-191


======================================================================
FAIL: test_route_declaration_is_literal_and_routed_first (test_security_escaping_191_route.CrewingSecurityEscapingRouteTests.test_route_declaration_is_literal_and_routed_first)
----------------------------------------------------------------------
Traceback (most recent call last):
  File "/home/linux/Developer/worktrees/guard-crewing-c3b1-20260922/tests/test_security_escaping_191_route.py", line 1005, in test_route_declaration_is_literal_and_routed_first
    self.assertIs(rule, config["task_routing"][0])
AssertionError: {'name': 'crewing dist escaping security routing (BACKLOG №179, owner-authorized 2026-09-04)', 'task': 'security-escaping-191', 'when_all_files_in': ['dist/index.html', 'src-tauri/src/messaging.rs', 'tests/crewing_escaping_negative_harness.mjs'], 'require_all_of': ['dist/index.html', 'tests/crewing_escaping_negative_harness.mjs']} is not {'name': 'crewing C3b1 synthetic intake desktop routing (owner612, 2026-09-22)', 'task': 'crewing-c3b1', 'when_all_files_in': ['dist/index.html', 'src-tauri/src/crewing_intake.rs', 'src-tauri/src/lib.rs', 'tests/crewing_c3b1_pilot_harness.mjs', 'docs/crewing-pilot-c3b1/WORKLOG.md', '.github/workflows/skipi-guard.yml'], 'require_all_of': ['src-tauri/src/crewing_intake.rs', 'tests/crewing_c3b1_pilot_harness.mjs'], 'require_any_of': ['dist/index.html', 'src-tauri/src/lib.rs']}

----------------------------------------------------------------------
Ran 414 tests in 63.969s

FAILED (failures=2)
files_scanned=0 crash_signals=0
