test_candidate_routes_and_preserves_all_six_checks (test_crewing_c3b1_route.CrewingC3b1RouteTests.test_candidate_routes_and_preserves_all_six_checks) ... ok
test_each_of_six_check_failures_rejects_ci_and_hook (test_crewing_c3b1_route.CrewingC3b1RouteTests.test_each_of_six_check_failures_rejects_ci_and_hook) ... ok
test_every_subset_has_precise_required_and_any_semantics (test_crewing_c3b1_route.CrewingC3b1RouteTests.test_every_subset_has_precise_required_and_any_semantics) ... ok
test_hook_stdin_and_ci_same_five_and_six_paths_run_all_checks (test_crewing_c3b1_route.CrewingC3b1RouteTests.test_hook_stdin_and_ci_same_five_and_six_paths_run_all_checks) ... ok
test_journal_addition_preserves_entire_previous_config (test_crewing_c3b1_route.CrewingC3b1RouteTests.test_journal_addition_preserves_entire_previous_config) ... ok
test_journal_each_of_six_failures_rejects_incremental_hook_and_ci (test_crewing_c3b1_route.CrewingC3b1RouteTests.test_journal_each_of_six_failures_rejects_incremental_hook_and_ci) ... ok
test_journal_exact_scope_and_all_checks (test_crewing_c3b1_route.CrewingC3b1RouteTests.test_journal_exact_scope_and_all_checks) ... ok
test_journal_incremental_hook_and_ci_execute_all_six_checks (test_crewing_c3b1_route.CrewingC3b1RouteTests.test_journal_incremental_hook_and_ci_execute_all_six_checks) ... ok
test_journal_missing_pilot_fails_instead_of_false_green (test_crewing_c3b1_route.CrewingC3b1RouteTests.test_journal_missing_pilot_fails_instead_of_false_green) ... ok
test_journal_real_cli_rejects_other_docs_native_and_workflows (test_crewing_c3b1_route.CrewingC3b1RouteTests.test_journal_real_cli_rejects_other_docs_native_and_workflows) ... ok
test_old_config_is_unchanged_after_removing_only_new_task (test_crewing_c3b1_route.CrewingC3b1RouteTests.test_old_config_is_unchanged_after_removing_only_new_task) ... ok
test_real_cli_each_missing_required_or_any_does_not_route (test_crewing_c3b1_route.CrewingC3b1RouteTests.test_real_cli_each_missing_required_or_any_does_not_route) ... ok
test_real_cli_unrelated_native_server_release_protected_extras_stay_red (test_crewing_c3b1_route.CrewingC3b1RouteTests.test_real_cli_unrelated_native_server_release_protected_extras_stay_red) ... ok
test_all_64_subsets_and_forbidden_extras (test_crewing_c3b2_route.CrewingC3b2RouteTests.test_all_64_subsets_and_forbidden_extras) ... ok
test_each_of_seven_failures_rejects_cli_and_hook_both_ranges (test_crewing_c3b2_route.CrewingC3b2RouteTests.test_each_of_seven_failures_rejects_cli_and_hook_both_ranges) ... ok
test_entire_old_parsed_config_and_legacy_routes_preserved (test_crewing_c3b2_route.CrewingC3b2RouteTests.test_entire_old_parsed_config_and_legacy_routes_preserved) ... ok
test_exact_ceiling_checks_and_order (test_crewing_c3b2_route.CrewingC3b2RouteTests.test_exact_ceiling_checks_and_order) ... ok
test_forbidden_extras_rejected_real_cli_and_hook (test_crewing_c3b2_route.CrewingC3b2RouteTests.test_forbidden_extras_rejected_real_cli_and_hook) ... ok
test_missing_and_deleted_new_harness_fail_both_ranges (test_crewing_c3b2_route.CrewingC3b2RouteTests.test_missing_and_deleted_new_harness_fail_both_ranges) ... ok
test_pin_only_and_ambiguous_shared_code_keep_old_real_behavior (test_crewing_c3b2_route.CrewingC3b2RouteTests.test_pin_only_and_ambiguous_shared_code_keep_old_real_behavior) ... 
  test_pin_only_and_ambiguous_shared_code_keep_old_real_behavior (test_crewing_c3b2_route.CrewingC3b2RouteTests.test_pin_only_and_ambiguous_shared_code_keep_old_real_behavior) (files=['.github/workflows/skipi-guard.yml'], incremental=False) ... FAIL
  test_pin_only_and_ambiguous_shared_code_keep_old_real_behavior (test_crewing_c3b2_route.CrewingC3b2RouteTests.test_pin_only_and_ambiguous_shared_code_keep_old_real_behavior) (files=['.github/workflows/skipi-guard.yml'], incremental=True) ... FAIL
test_supported_shapes_cli_and_hook_aggregate_and_incremental (test_crewing_c3b2_route.CrewingC3b2RouteTests.test_supported_shapes_cli_and_hook_aggregate_and_incremental) ... ok

======================================================================
FAIL: test_pin_only_and_ambiguous_shared_code_keep_old_real_behavior (test_crewing_c3b2_route.CrewingC3b2RouteTests.test_pin_only_and_ambiguous_shared_code_keep_old_real_behavior) (files=['.github/workflows/skipi-guard.yml'], incremental=False)
----------------------------------------------------------------------
Traceback (most recent call last):
  File "/home/linux/Developer/worktrees/guard-crewing-c3b2-20260922/tests/test_crewing_c3b2_route.py", line 249, in test_pin_only_and_ambiguous_shared_code_keep_old_real_behavior
    self.assertEqual(proc.returncode, 1, report)
AssertionError: 0 != 1 : {'schema_version': 'skipi-guard.v1', 'home': 'crewing', 'task': 'plugin-host', 'task_source': 'auto', 'task_rule': None, 'effective_tasks': ['plugin-host'], 'repo': '/home/linux/Developer/worktrees/guard-crewing-c3b2-20260922/scratchpad/guard-crewing-c3b2-20260922/fixture-9rjac5x2/.skipi-guard-harness-wt-crewing-rdcxu00y', 'base': 'a8af96e296512c6644f462473fab3dc2088ac6f7', 'head': 'a58f9a02a63a6388ed42d0cc211ca2afeb1261a4', 'sha': 'a58f9a0', 'changed_files': ['.github/workflows/skipi-guard.yml'], 'protected_paths_touched': [], 'release_paths_touched': [], 'release_changes': False, 'allowed_file_patterns': ['dist/index.html', 'dist/plugin-host-bridge.js', 'tests/crewing_plugin_isolation_harness.mjs', 'presence-manifest.json', 'tests/crewing_presence_contract_harness.mjs', 'tests/crewing_crew_flow_demo_harness.mjs', 'tests/crewing_theme_default_harness.mjs'], 'exact_file_set_missing': [], 'exact_file_set_unexpected': [], 'scope_violations': ['.github/workflows/skipi-guard.yml'], 'scope_checks': [{'task': 'plugin-host', 'files': ['.github/workflows/skipi-guard.yml'], 'allowed_file_patterns': ['dist/index.html', 'dist/plugin-host-bridge.js', 'tests/crewing_plugin_isolation_harness.mjs', 'presence-manifest.json', 'tests/crewing_presence_contract_harness.mjs', 'tests/crewing_crew_flow_demo_harness.mjs', 'tests/crewing_theme_default_harness.mjs'], 'scope_violations': ['.github/workflows/skipi-guard.yml']}], 'additive_task_checks': [], 'tests': [{'name': 'crewing_plugin_isolation', 'command': 'node tests/crewing_plugin_isolation_harness.mjs', 'status': 'pass', 'summary': 'exit 0', 'exit_code': 0}, {'name': 'shared_host_runtime_isolation', 'command': 'node /home/linux/Developer/skipi-plugins/_host-runtime/harness/isolation-contract.mjs', 'status': 'pass', 'summary': 'exit 0', 'exit_code': 0}, {'name': 'crewing_presence_contract', 'command': 'node tests/crewing_presence_contract_harness.mjs', 'status': 'pass', 'summary': 'exit 0', 'exit_code': 0}, {'name': 'crewing_crew_flow_demo', 'command': 'node tests/crewing_crew_flow_demo_harness.mjs', 'status': 'pass', 'summary': 'exit 0', 'exit_code': 0}], 'override_present': True, 'auto_bootstrap_override': True, 'comparison': 'triple-dot', 'status': 'pass', 'errors': [], 'push_ref': {'local_ref': 'refs/heads/candidate', 'local_sha': 'a58f9a02a63a6388ed42d0cc211ca2afeb1261a4', 'remote_ref': 'refs/heads/candidate', 'remote_sha': '0000000000000000000000000000000000000000', 'base_mode': 'merge-base-origin-main'}}

======================================================================
FAIL: test_pin_only_and_ambiguous_shared_code_keep_old_real_behavior (test_crewing_c3b2_route.CrewingC3b2RouteTests.test_pin_only_and_ambiguous_shared_code_keep_old_real_behavior) (files=['.github/workflows/skipi-guard.yml'], incremental=True)
----------------------------------------------------------------------
Traceback (most recent call last):
  File "/home/linux/Developer/worktrees/guard-crewing-c3b2-20260922/tests/test_crewing_c3b2_route.py", line 249, in test_pin_only_and_ambiguous_shared_code_keep_old_real_behavior
    self.assertEqual(proc.returncode, 1, report)
AssertionError: 0 != 1 : {'schema_version': 'skipi-guard.v1', 'home': 'crewing', 'task': 'plugin-host', 'task_source': 'auto', 'task_rule': None, 'effective_tasks': ['plugin-host'], 'repo': '/home/linux/Developer/worktrees/guard-crewing-c3b2-20260922/scratchpad/guard-crewing-c3b2-20260922/fixture-xl8_07u7/.skipi-guard-harness-wt-crewing-htvrlnqx', 'base': 'dbc90c21541558e949a1e3ca4bb22f48d6f1e9f6', 'head': '9538d8fb21d9715150361958f7ad2a8689266c0b', 'sha': '9538d8f', 'changed_files': ['.github/workflows/skipi-guard.yml'], 'protected_paths_touched': [], 'release_paths_touched': [], 'release_changes': False, 'allowed_file_patterns': ['dist/index.html', 'dist/plugin-host-bridge.js', 'tests/crewing_plugin_isolation_harness.mjs', 'presence-manifest.json', 'tests/crewing_presence_contract_harness.mjs', 'tests/crewing_crew_flow_demo_harness.mjs', 'tests/crewing_theme_default_harness.mjs'], 'exact_file_set_missing': [], 'exact_file_set_unexpected': [], 'scope_violations': ['.github/workflows/skipi-guard.yml'], 'scope_checks': [{'task': 'plugin-host', 'files': ['.github/workflows/skipi-guard.yml'], 'allowed_file_patterns': ['dist/index.html', 'dist/plugin-host-bridge.js', 'tests/crewing_plugin_isolation_harness.mjs', 'presence-manifest.json', 'tests/crewing_presence_contract_harness.mjs', 'tests/crewing_crew_flow_demo_harness.mjs', 'tests/crewing_theme_default_harness.mjs'], 'scope_violations': ['.github/workflows/skipi-guard.yml']}], 'additive_task_checks': [], 'tests': [{'name': 'crewing_plugin_isolation', 'command': 'node tests/crewing_plugin_isolation_harness.mjs', 'status': 'pass', 'summary': 'exit 0', 'exit_code': 0}, {'name': 'shared_host_runtime_isolation', 'command': 'node /home/linux/Developer/skipi-plugins/_host-runtime/harness/isolation-contract.mjs', 'status': 'pass', 'summary': 'exit 0', 'exit_code': 0}, {'name': 'crewing_presence_contract', 'command': 'node tests/crewing_presence_contract_harness.mjs', 'status': 'pass', 'summary': 'exit 0', 'exit_code': 0}, {'name': 'crewing_crew_flow_demo', 'command': 'node tests/crewing_crew_flow_demo_harness.mjs', 'status': 'pass', 'summary': 'exit 0', 'exit_code': 0}], 'override_present': True, 'auto_bootstrap_override': True, 'comparison': 'triple-dot', 'status': 'pass', 'errors': [], 'push_ref': {'local_ref': 'refs/heads/candidate', 'local_sha': '9538d8fb21d9715150361958f7ad2a8689266c0b', 'remote_ref': 'refs/heads/candidate', 'remote_sha': 'dbc90c21541558e949a1e3ca4bb22f48d6f1e9f6', 'base_mode': 'remote-sha'}}

----------------------------------------------------------------------
Ran 21 tests in 46.148s

FAILED (failures=2)
