test_candidate_routes_and_preserves_all_six_checks (test_crewing_c3b1_route.CrewingC3b1RouteTests.test_candidate_routes_and_preserves_all_six_checks) ... ok
test_each_of_six_check_failures_rejects_ci_and_hook (test_crewing_c3b1_route.CrewingC3b1RouteTests.test_each_of_six_check_failures_rejects_ci_and_hook) ... ok
test_every_subset_has_precise_required_and_any_semantics (test_crewing_c3b1_route.CrewingC3b1RouteTests.test_every_subset_has_precise_required_and_any_semantics) ... ok
test_hook_stdin_and_ci_same_five_and_six_paths_run_all_checks (test_crewing_c3b1_route.CrewingC3b1RouteTests.test_hook_stdin_and_ci_same_five_and_six_paths_run_all_checks) ... ok
test_journal_addition_preserves_entire_previous_config (test_crewing_c3b1_route.CrewingC3b1RouteTests.test_journal_addition_preserves_entire_previous_config) ... ok
test_journal_each_of_six_failures_rejects_incremental_hook_and_ci (test_crewing_c3b1_route.CrewingC3b1RouteTests.test_journal_each_of_six_failures_rejects_incremental_hook_and_ci) ... ok
test_journal_exact_scope_and_all_checks (test_crewing_c3b1_route.CrewingC3b1RouteTests.test_journal_exact_scope_and_all_checks) ... ok
test_journal_incremental_hook_and_ci_execute_all_six_checks (test_crewing_c3b1_route.CrewingC3b1RouteTests.test_journal_incremental_hook_and_ci_execute_all_six_checks) ... ok
test_journal_missing_pilot_fails_instead_of_false_green (test_crewing_c3b1_route.CrewingC3b1RouteTests.test_journal_missing_pilot_fails_instead_of_false_green) ... ok
test_journal_real_cli_rejects_other_docs_native_and_workflows (test_crewing_c3b1_route.CrewingC3b1RouteTests.test_journal_real_cli_rejects_other_docs_native_and_workflows) ... ok
test_old_config_is_unchanged_after_removing_only_new_task (test_crewing_c3b1_route.CrewingC3b1RouteTests.test_old_config_is_unchanged_after_removing_only_new_task) ... ok
test_real_cli_each_missing_required_or_any_does_not_route (test_crewing_c3b1_route.CrewingC3b1RouteTests.test_real_cli_each_missing_required_or_any_does_not_route) ... ok
test_real_cli_unrelated_native_server_release_protected_extras_stay_red (test_crewing_c3b1_route.CrewingC3b1RouteTests.test_real_cli_unrelated_native_server_release_protected_extras_stay_red) ... ok
test_all_64_subsets_and_forbidden_extras (test_crewing_c3b2_route.CrewingC3b2RouteTests.test_all_64_subsets_and_forbidden_extras) ... ok
test_each_of_seven_failures_rejects_cli_and_hook_both_ranges (test_crewing_c3b2_route.CrewingC3b2RouteTests.test_each_of_seven_failures_rejects_cli_and_hook_both_ranges) ... ok
test_entire_old_parsed_config_and_legacy_routes_preserved (test_crewing_c3b2_route.CrewingC3b2RouteTests.test_entire_old_parsed_config_and_legacy_routes_preserved) ... ok
test_exact_ceiling_checks_and_order (test_crewing_c3b2_route.CrewingC3b2RouteTests.test_exact_ceiling_checks_and_order) ... ok
test_forbidden_extras_rejected_real_cli_and_hook (test_crewing_c3b2_route.CrewingC3b2RouteTests.test_forbidden_extras_rejected_real_cli_and_hook) ... ok
test_missing_and_deleted_new_harness_fail_both_ranges (test_crewing_c3b2_route.CrewingC3b2RouteTests.test_missing_and_deleted_new_harness_fail_both_ranges) ... ok
test_pin_only_and_ambiguous_shared_code_keep_old_real_behavior (test_crewing_c3b2_route.CrewingC3b2RouteTests.test_pin_only_and_ambiguous_shared_code_keep_old_real_behavior) ... ok
test_supported_shapes_cli_and_hook_aggregate_and_incremental (test_crewing_c3b2_route.CrewingC3b2RouteTests.test_supported_shapes_cli_and_hook_aggregate_and_incremental) ... ok

----------------------------------------------------------------------
Ran 21 tests in 46.071s

OK
